// Jest Snapshot v1, https://goo.gl/fbAQLP

exports[`Sql selectCustomerByName if admin, should not create IN clause 1`] = `"select * from \`customer\` where \`name\` = 'c1'"`;

exports[`Sql selectCustomerByName if not admin, should create statement with IN clause 1`] = `"select * from \`customer\` where \`name\` = 'c1' and \`id\` in (1, 2)"`;

exports[`Sql selectCustomer should create a proper query 1`] = `"select * from \`customer\` where \`id\` = 1"`;

exports[`Sql updateCustomer if admin, should not create IN clause 1`] = `"update \`customer\` set \`name\` = 'test' where \`id\` = 1"`;

exports[`Sql updateCustomer if not admin, should create statement with IN clause 1`] = `"update \`customer\` set \`name\` = 'test' where \`id\` = 1"`;
